components/profile/public-profile.tsx(106,29): error TS2339: Property 'flags' does not exist on type '{ userId: string; nickname?: string | null | undefined; display_name?: string | undefined; bio?: string | null | undefined; twitter_username?: string | null | undefined; instagram_username?: string | ... 1 more ... | undefined; ... 4 more ...; totalCount: number; }'.
components/ui/dynamic-icon.tsx(9,99): error TS2339: Property 'HelpCircle' does not exist on type 'typeof index'.
