components/events/prediction-panel.tsx(4,41): error TS2792: Cannot find module 'framer-motion'. Did you mean to set the 'moduleResolution' option to 'nodenext', or to add aliases to the 'paths' option?
components/events/prediction-panel.tsx(5,25): error TS2792: Cannot find module '@/contexts/auth-context'. Did you mean to set the 'moduleResolution' option to 'nodenext', or to add aliases to the 'paths' option?
components/events/prediction-panel.tsx(6,41): error TS2792: Cannot find module '@/lib/api/client'. Did you mean to set the 'moduleResolution' option to 'nodenext', or to add aliases to the 'paths' option?
components/events/prediction-panel.tsx(7,39): error TS2792: Cannot find module '@/lib/types'. Did you mean to set the 'moduleResolution' option to 'nodenext', or to add aliases to the 'paths' option?
components/events/prediction-panel.tsx(8,23): error TS2792: Cannot find module 'sonner'. Did you mean to set the 'moduleResolution' option to 'nodenext', or to add aliases to the 'paths' option?
components/events/prediction-panel.tsx(9,27): error TS2792: Cannot find module 'next/navigation'. Did you mean to set the 'moduleResolution' option to 'nodenext', or to add aliases to the 'paths' option?
components/events/prediction-panel.tsx(10,20): error TS2792: Cannot find module '@/lib/utils'. Did you mean to set the 'moduleResolution' option to 'nodenext', or to add aliases to the 'paths' option?
components/events/prediction-panel.tsx(11,30): error TS2792: Cannot find module '@/contexts/auth-modal-context'. Did you mean to set the 'moduleResolution' option to 'nodenext', or to add aliases to the 'paths' option?
components/events/prediction-panel.tsx(12,30): error TS2792: Cannot find module '@/components/wallet/deposit-modal'. Did you mean to set the 'moduleResolution' option to 'nodenext', or to add aliases to the 'paths' option?
components/events/prediction-panel.tsx(270,9): error TS2339: Property 'div' does not exist on type 'JSX.IntrinsicElements'.
components/events/prediction-panel.tsx(281,25): error TS2339: Property 'div' does not exist on type 'JSX.IntrinsicElements'.
components/events/prediction-panel.tsx(282,29): error TS2339: Property 'div' does not exist on type 'JSX.IntrinsicElements'.
components/events/prediction-panel.tsx(283,33): error TS2339: Property 'div' does not exist on type 'JSX.IntrinsicElements'.
components/events/prediction-panel.tsx(295,41): error TS2339: Property 'img' does not exist on type 'JSX.IntrinsicElements'.
components/events/prediction-panel.tsx(312,41): error TS2339: Property 'span' does not exist on type 'JSX.IntrinsicElements'.
components/events/prediction-panel.tsx(314,49): error TS2339: Property 'svg' does not exist on type 'JSX.IntrinsicElements'.
components/events/prediction-panel.tsx(315,53): error TS2339: Property 'path' does not exist on type 'JSX.IntrinsicElements'.
components/events/prediction-panel.tsx(315,215): error TS2339: Property 'path' does not exist on type 'JSX.IntrinsicElements'.
components/events/prediction-panel.tsx(316,53): error TS2339: Property 'path' does not exist on type 'JSX.IntrinsicElements'.
components/events/prediction-panel.tsx(316,194): error TS2339: Property 'path' does not exist on type 'JSX.IntrinsicElements'.
components/events/prediction-panel.tsx(317,49): error TS2339: Property 'svg' does not exist on type 'JSX.IntrinsicElements'.
components/events/prediction-panel.tsx(319,49): error TS2339: Property 'svg' does not exist on type 'JSX.IntrinsicElements'.
components/events/prediction-panel.tsx(320,53): error TS2339: Property 'path' does not exist on type 'JSX.IntrinsicElements'.
components/events/prediction-panel.tsx(320,215): error TS2339: Property 'path' does not exist on type 'JSX.IntrinsicElements'.
components/events/prediction-panel.tsx(321,53): error TS2339: Property 'path' does not exist on type 'JSX.IntrinsicElements'.
components/events/prediction-panel.tsx(321,185): error TS2339: Property 'path' does not exist on type 'JSX.IntrinsicElements'.
components/events/prediction-panel.tsx(322,53): error TS2339: Property 'path' does not exist on type 'JSX.IntrinsicElements'.
components/events/prediction-panel.tsx(322,186): error TS2339: Property 'path' does not exist on type 'JSX.IntrinsicElements'.
components/events/prediction-panel.tsx(323,49): error TS2339: Property 'svg' does not exist on type 'JSX.IntrinsicElements'.
components/events/prediction-panel.tsx(326,41): error TS2339: Property 'span' does not exist on type 'JSX.IntrinsicElements'.
components/events/prediction-panel.tsx(337,33): error TS2339: Property 'div' does not exist on type 'JSX.IntrinsicElements'.
components/events/prediction-panel.tsx(338,29): error TS2339: Property 'div' does not exist on type 'JSX.IntrinsicElements'.
components/events/prediction-panel.tsx(339,25): error TS2339: Property 'div' does not exist on type 'JSX.IntrinsicElements'.
components/events/prediction-panel.tsx(349,25): error TS2339: Property 'div' does not exist on type 'JSX.IntrinsicElements'.
components/events/prediction-panel.tsx(350,29): error TS2339: Property 'div' does not exist on type 'JSX.IntrinsicElements'.
components/events/prediction-panel.tsx(351,33): error TS2339: Property 'div' does not exist on type 'JSX.IntrinsicElements'.
components/events/prediction-panel.tsx(352,37): error TS2339: Property 'div' does not exist on type 'JSX.IntrinsicElements'.
components/events/prediction-panel.tsx(355,41): error TS2339: Property 'div' does not exist on type 'JSX.IntrinsicElements'.
components/events/prediction-panel.tsx(356,45): error TS2339: Property 'div' does not exist on type 'JSX.IntrinsicElements'.
components/events/prediction-panel.tsx(357,49): error TS2339: Property 'span' does not exist on type 'JSX.IntrinsicElements'.
components/events/prediction-panel.tsx(357,89): error TS2339: Property 'span' does not exist on type 'JSX.IntrinsicElements'.
components/events/prediction-panel.tsx(358,49): error TS2339: Property 'span' does not exist on type 'JSX.IntrinsicElements'.
components/events/prediction-panel.tsx(363,57): error TS2339: Property 'svg' does not exist on type 'JSX.IntrinsicElements'.
components/events/prediction-panel.tsx(364,61): error TS2339: Property 'path' does not exist on type 'JSX.IntrinsicElements'.
components/events/prediction-panel.tsx(365,61): error TS2339: Property 'path' does not exist on type 'JSX.IntrinsicElements'.
components/events/prediction-panel.tsx(366,57): error TS2339: Property 'svg' does not exist on type 'JSX.IntrinsicElements'.
components/events/prediction-panel.tsx(368,57): error TS2339: Property 'svg' does not exist on type 'JSX.IntrinsicElements'.
components/events/prediction-panel.tsx(369,61): error TS2339: Property 'path' does not exist on type 'JSX.IntrinsicElements'.
components/events/prediction-panel.tsx(370,61): error TS2339: Property 'path' does not exist on type 'JSX.IntrinsicElements'.
components/events/prediction-panel.tsx(371,61): error TS2339: Property 'path' does not exist on type 'JSX.IntrinsicElements'.
components/events/prediction-panel.tsx(372,57): error TS2339: Property 'svg' does not exist on type 'JSX.IntrinsicElements'.
components/events/prediction-panel.tsx(374,53): error TS2339: Property 'span' does not exist on type 'JSX.IntrinsicElements'.
components/events/prediction-panel.tsx(374,98): error TS2339: Property 'span' does not exist on type 'JSX.IntrinsicElements'.
components/events/prediction-panel.tsx(375,49): error TS2339: Property 'span' does not exist on type 'JSX.IntrinsicElements'.
components/events/prediction-panel.tsx(376,45): error TS2339: Property 'div' does not exist on type 'JSX.IntrinsicElements'.
components/events/prediction-panel.tsx(377,41): error TS2339: Property 'div' does not exist on type 'JSX.IntrinsicElements'.
components/events/prediction-panel.tsx(380,41): error TS2339: Property 'div' does not exist on type 'JSX.IntrinsicElements'.
components/events/prediction-panel.tsx(381,45): error TS2339: Property 'button' does not exist on type 'JSX.IntrinsicElements'.
components/events/prediction-panel.tsx(391,45): error TS2339: Property 'button' does not exist on type 'JSX.IntrinsicElements'.
components/events/prediction-panel.tsx(392,45): error TS2339: Property 'button' does not exist on type 'JSX.IntrinsicElements'.
components/events/prediction-panel.tsx(402,45): error TS2339: Property 'button' does not exist on type 'JSX.IntrinsicElements'.
components/events/prediction-panel.tsx(403,41): error TS2339: Property 'div' does not exist on type 'JSX.IntrinsicElements'.
components/events/prediction-panel.tsx(410,49): error TS2339: Property 'div' does not exist on type 'JSX.IntrinsicElements'.
components/events/prediction-panel.tsx(412,49): error TS2339: Property 'div' does not exist on type 'JSX.IntrinsicElements'.
components/events/prediction-panel.tsx(414,49): error TS2339: Property 'div' does not exist on type 'JSX.IntrinsicElements'.
components/events/prediction-panel.tsx(415,53): error TS2339: Property 'div' does not exist on type 'JSX.IntrinsicElements'.
components/events/prediction-panel.tsx(416,57): error TS2339: Property 'div' does not exist on type 'JSX.IntrinsicElements'.
components/events/prediction-panel.tsx(417,61): error TS2339: Property 'div' does not exist on type 'JSX.IntrinsicElements'.
components/events/prediction-panel.tsx(418,65): error TS2339: Property 'input' does not exist on type 'JSX.IntrinsicElements'.
components/events/prediction-panel.tsx(431,61): error TS2339: Property 'div' does not exist on type 'JSX.IntrinsicElements'.
components/events/prediction-panel.tsx(432,57): error TS2339: Property 'div' does not exist on type 'JSX.IntrinsicElements'.
components/events/prediction-panel.tsx(433,53): error TS2339: Property 'div' does not exist on type 'JSX.IntrinsicElements'.
components/events/prediction-panel.tsx(434,49): error TS2339: Property 'div' does not exist on type 'JSX.IntrinsicElements'.
components/events/prediction-panel.tsx(436,49): error TS2339: Property 'div' does not exist on type 'JSX.IntrinsicElements'.
components/events/prediction-panel.tsx(437,53): error TS2339: Property 'span' does not exist on type 'JSX.IntrinsicElements'.
components/events/prediction-panel.tsx(438,57): error TS2339: Property 'span' does not exist on type 'JSX.IntrinsicElements'.
components/events/prediction-panel.tsx(438,117): error TS2339: Property 'span' does not exist on type 'JSX.IntrinsicElements'.
components/events/prediction-panel.tsx(439,53): error TS2339: Property 'span' does not exist on type 'JSX.IntrinsicElements'.
components/events/prediction-panel.tsx(440,49): error TS2339: Property 'div' does not exist on type 'JSX.IntrinsicElements'.
components/events/prediction-panel.tsx(443,53): error TS2339: Property 'div' does not exist on type 'JSX.IntrinsicElements'.
components/events/prediction-panel.tsx(445,61): error TS2339: Property 'div' does not exist on type 'JSX.IntrinsicElements'.
components/events/prediction-panel.tsx(446,65): error TS2339: Property 'div' does not exist on type 'JSX.IntrinsicElements'.
components/events/prediction-panel.tsx(447,65): error TS2339: Property 'span' does not exist on type 'JSX.IntrinsicElements'.
components/events/prediction-panel.tsx(447,126): error TS2339: Property 'span' does not exist on type 'JSX.IntrinsicElements'.
components/events/prediction-panel.tsx(448,61): error TS2339: Property 'div' does not exist on type 'JSX.IntrinsicElements'.
components/events/prediction-panel.tsx(451,65): error TS2339: Property 'span' does not exist on type 'JSX.IntrinsicElements'.
components/events/prediction-panel.tsx(453,65): error TS2339: Property 'span' does not exist on type 'JSX.IntrinsicElements'.
components/events/prediction-panel.tsx(454,65): error TS2339: Property 'div' does not exist on type 'JSX.IntrinsicElements'.
components/events/prediction-panel.tsx(455,69): error TS2339: Property 'span' does not exist on type 'JSX.IntrinsicElements'.
components/events/prediction-panel.tsx(457,69): error TS2339: Property 'span' does not exist on type 'JSX.IntrinsicElements'.
components/events/prediction-panel.tsx(458,65): error TS2339: Property 'div' does not exist on type 'JSX.IntrinsicElements'.
components/events/prediction-panel.tsx(459,65): error TS2339: Property 'div' does not exist on type 'JSX.IntrinsicElements'.
components/events/prediction-panel.tsx(460,69): error TS2339: Property 'span' does not exist on type 'JSX.IntrinsicElements'.
components/events/prediction-panel.tsx(461,73): error TS2339: Property 'span' does not exist on type 'JSX.IntrinsicElements'.
components/events/prediction-panel.tsx(461,91): error TS2339: Property 'span' does not exist on type 'JSX.IntrinsicElements'.
components/events/prediction-panel.tsx(462,73): error TS2339: Property 'span' does not exist on type 'JSX.IntrinsicElements'.
components/events/prediction-panel.tsx(464,73): error TS2339: Property 'span' does not exist on type 'JSX.IntrinsicElements'.
components/events/prediction-panel.tsx(465,69): error TS2339: Property 'span' does not exist on type 'JSX.IntrinsicElements'.
components/events/prediction-panel.tsx(467,73): error TS2339: Property 'span' does not exist on type 'JSX.IntrinsicElements'.
components/events/prediction-panel.tsx(469,73): error TS2339: Property 'span' does not exist on type 'JSX.IntrinsicElements'.
components/events/prediction-panel.tsx(471,65): error TS2339: Property 'div' does not exist on type 'JSX.IntrinsicElements'.
components/events/prediction-panel.tsx(474,53): error TS2339: Property 'div' does not exist on type 'JSX.IntrinsicElements'.
components/events/prediction-panel.tsx(477,49): error TS2339: Property 'div' does not exist on type 'JSX.IntrinsicElements'.
components/events/prediction-panel.tsx(478,53): error TS2339: Property 'div' does not exist on type 'JSX.IntrinsicElements'.
components/events/prediction-panel.tsx(480,61): error TS2339: Property 'button' does not exist on type 'JSX.IntrinsicElements'.
components/events/prediction-panel.tsx(486,61): error TS2339: Property 'button' does not exist on type 'JSX.IntrinsicElements'.
components/events/prediction-panel.tsx(488,57): error TS2339: Property 'button' does not exist on type 'JSX.IntrinsicElements'.
components/events/prediction-panel.tsx(493,57): error TS2339: Property 'button' does not exist on type 'JSX.IntrinsicElements'.
components/events/prediction-panel.tsx(494,53): error TS2339: Property 'div' does not exist on type 'JSX.IntrinsicElements'.
components/events/prediction-panel.tsx(495,49): error TS2339: Property 'div' does not exist on type 'JSX.IntrinsicElements'.
components/events/prediction-panel.tsx(498,53): error TS2339: Property 'button' does not exist on type 'JSX.IntrinsicElements'.
components/events/prediction-panel.tsx(503,53): error TS2339: Property 'button' does not exist on type 'JSX.IntrinsicElements'.
components/events/prediction-panel.tsx(505,53): error TS2339: Property 'button' does not exist on type 'JSX.IntrinsicElements'.
components/events/prediction-panel.tsx(521,53): error TS2339: Property 'button' does not exist on type 'JSX.IntrinsicElements'.
components/events/prediction-panel.tsx(532,53): error TS2339: Property 'div' does not exist on type 'JSX.IntrinsicElements'.
components/events/prediction-panel.tsx(533,57): error TS2339: Property 'div' does not exist on type 'JSX.IntrinsicElements'.
components/events/prediction-panel.tsx(534,57): error TS2339: Property 'span' does not exist on type 'JSX.IntrinsicElements'.
components/events/prediction-panel.tsx(534,126): error TS2339: Property 'span' does not exist on type 'JSX.IntrinsicElements'.
components/events/prediction-panel.tsx(535,53): error TS2339: Property 'div' does not exist on type 'JSX.IntrinsicElements'.
components/events/prediction-panel.tsx(537,53): error TS2339: Property 'div' does not exist on type 'JSX.IntrinsicElements'.
components/events/prediction-panel.tsx(538,57): error TS2339: Property 'span' does not exist on type 'JSX.IntrinsicElements'.
components/events/prediction-panel.tsx(540,57): error TS2339: Property 'span' does not exist on type 'JSX.IntrinsicElements'.
components/events/prediction-panel.tsx(541,57): error TS2339: Property 'button' does not exist on type 'JSX.IntrinsicElements'.
components/events/prediction-panel.tsx(546,57): error TS2339: Property 'button' does not exist on type 'JSX.IntrinsicElements'.
components/events/prediction-panel.tsx(547,53): error TS2339: Property 'div' does not exist on type 'JSX.IntrinsicElements'.
components/events/prediction-panel.tsx(549,53): error TS2339: Property 'div' does not exist on type 'JSX.IntrinsicElements'.
components/events/prediction-panel.tsx(550,57): error TS2339: Property 'svg' does not exist on type 'JSX.IntrinsicElements'.
components/events/prediction-panel.tsx(551,61): error TS2339: Property 'path' does not exist on type 'JSX.IntrinsicElements'.
components/events/prediction-panel.tsx(552,57): error TS2339: Property 'svg' does not exist on type 'JSX.IntrinsicElements'.
components/events/prediction-panel.tsx(553,57): error TS2339: Property 'span' does not exist on type 'JSX.IntrinsicElements'.
components/events/prediction-panel.tsx(555,57): error TS2339: Property 'span' does not exist on type 'JSX.IntrinsicElements'.
components/events/prediction-panel.tsx(556,53): error TS2339: Property 'div' does not exist on type 'JSX.IntrinsicElements'.
components/events/prediction-panel.tsx(559,57): error TS2339: Property 'div' does not exist on type 'JSX.IntrinsicElements'.
components/events/prediction-panel.tsx(561,57): error TS2339: Property 'div' does not exist on type 'JSX.IntrinsicElements'.
components/events/prediction-panel.tsx(563,57): error TS2339: Property 'div' does not exist on type 'JSX.IntrinsicElements'.
components/events/prediction-panel.tsx(564,61): error TS2339: Property 'div' does not exist on type 'JSX.IntrinsicElements'.
components/events/prediction-panel.tsx(565,65): error TS2339: Property 'input' does not exist on type 'JSX.IntrinsicElements'.
components/events/prediction-panel.tsx(578,61): error TS2339: Property 'div' does not exist on type 'JSX.IntrinsicElements'.
components/events/prediction-panel.tsx(579,57): error TS2339: Property 'div' does not exist on type 'JSX.IntrinsicElements'.
components/events/prediction-panel.tsx(581,57): error TS2339: Property 'div' does not exist on type 'JSX.IntrinsicElements'.
components/events/prediction-panel.tsx(582,61): error TS2339: Property 'span' does not exist on type 'JSX.IntrinsicElements'.
components/events/prediction-panel.tsx(583,65): error TS2339: Property 'span' does not exist on type 'JSX.IntrinsicElements'.
components/events/prediction-panel.tsx(583,129): error TS2339: Property 'span' does not exist on type 'JSX.IntrinsicElements'.
components/events/prediction-panel.tsx(584,61): error TS2339: Property 'span' does not exist on type 'JSX.IntrinsicElements'.
components/events/prediction-panel.tsx(585,57): error TS2339: Property 'div' does not exist on type 'JSX.IntrinsicElements'.
components/events/prediction-panel.tsx(587,57): error TS2339: Property 'div' does not exist on type 'JSX.IntrinsicElements'.
components/events/prediction-panel.tsx(593,65): error TS2339: Property 'button' does not exist on type 'JSX.IntrinsicElements'.
components/events/prediction-panel.tsx(604,65): error TS2339: Property 'button' does not exist on type 'JSX.IntrinsicElements'.
components/events/prediction-panel.tsx(606,57): error TS2339: Property 'div' does not exist on type 'JSX.IntrinsicElements'.
components/events/prediction-panel.tsx(609,61): error TS2339: Property 'div' does not exist on type 'JSX.IntrinsicElements'.
components/events/prediction-panel.tsx(611,69): error TS2339: Property 'div' does not exist on type 'JSX.IntrinsicElements'.
components/events/prediction-panel.tsx(612,73): error TS2339: Property 'div' does not exist on type 'JSX.IntrinsicElements'.
components/events/prediction-panel.tsx(613,73): error TS2339: Property 'span' does not exist on type 'JSX.IntrinsicElements'.
components/events/prediction-panel.tsx(613,134): error TS2339: Property 'span' does not exist on type 'JSX.IntrinsicElements'.
components/events/prediction-panel.tsx(614,69): error TS2339: Property 'div' does not exist on type 'JSX.IntrinsicElements'.
components/events/prediction-panel.tsx(617,73): error TS2339: Property 'span' does not exist on type 'JSX.IntrinsicElements'.
components/events/prediction-panel.tsx(619,73): error TS2339: Property 'span' does not exist on type 'JSX.IntrinsicElements'.
components/events/prediction-panel.tsx(620,73): error TS2339: Property 'span' does not exist on type 'JSX.IntrinsicElements'.
components/events/prediction-panel.tsx(622,73): error TS2339: Property 'span' does not exist on type 'JSX.IntrinsicElements'.
components/events/prediction-panel.tsx(625,61): error TS2339: Property 'div' does not exist on type 'JSX.IntrinsicElements'.
components/events/prediction-panel.tsx(628,57): error TS2339: Property 'button' does not exist on type 'JSX.IntrinsicElements'.
components/events/prediction-panel.tsx(643,57): error TS2339: Property 'button' does not exist on type 'JSX.IntrinsicElements'.
components/events/prediction-panel.tsx(648,37): error TS2339: Property 'div' does not exist on type 'JSX.IntrinsicElements'.
components/events/prediction-panel.tsx(649,33): error TS2339: Property 'div' does not exist on type 'JSX.IntrinsicElements'.
components/events/prediction-panel.tsx(650,29): error TS2339: Property 'div' does not exist on type 'JSX.IntrinsicElements'.
components/events/prediction-panel.tsx(651,25): error TS2339: Property 'div' does not exist on type 'JSX.IntrinsicElements'.
components/events/prediction-panel.tsx(657,13): error TS2339: Property 'div' does not exist on type 'JSX.IntrinsicElements'.
components/events/prediction-panel.tsx(659,17): error TS2339: Property 'a' does not exist on type 'JSX.IntrinsicElements'.
components/events/prediction-panel.tsx(659,86): error TS2339: Property 'a' does not exist on type 'JSX.IntrinsicElements'.
components/events/prediction-panel.tsx(660,13): error TS2339: Property 'div' does not exist on type 'JSX.IntrinsicElements'.
components/events/prediction-panel.tsx(666,9): error TS2339: Property 'div' does not exist on type 'JSX.IntrinsicElements'.
